src/components/FlujoNarrativoUsuario/index.tsx(2106,25): error TS2339: Property 'a-scene' does not exist on type 'JSX.IntrinsicElements'.
src/components/FlujoNarrativoUsuario/index.tsx(2113,37): error TS2339: Property 'a-entity' does not exist on type 'JSX.IntrinsicElements'.
src/components/FlujoNarrativoUsuario/index.tsx(2123,29): error TS2339: Property 'a-entity' does not exist on type 'JSX.IntrinsicElements'.
src/components/FlujoNarrativoUsuario/index.tsx(2124,33): error TS2339: Property 'a-camera' does not exist on type 'JSX.IntrinsicElements'.
src/components/FlujoNarrativoUsuario/index.tsx(2128,37): error TS2339: Property 'a-cursor' does not exist on type 'JSX.IntrinsicElements'.
src/components/FlujoNarrativoUsuario/index.tsx(2134,33): error TS2339: Property 'a-camera' does not exist on type 'JSX.IntrinsicElements'.
src/components/FlujoNarrativoUsuario/index.tsx(2135,29): error TS2339: Property 'a-entity' does not exist on type 'JSX.IntrinsicElements'.
src/components/FlujoNarrativoUsuario/index.tsx(2138,29): error TS2339: Property 'a-light' does not exist on type 'JSX.IntrinsicElements'.
src/components/FlujoNarrativoUsuario/index.tsx(2139,29): error TS2339: Property 'a-light' does not exist on type 'JSX.IntrinsicElements'.
src/components/FlujoNarrativoUsuario/index.tsx(2140,29): error TS2339: Property 'a-light' does not exist on type 'JSX.IntrinsicElements'.
src/components/FlujoNarrativoUsuario/index.tsx(2141,25): error TS2339: Property 'a-scene' does not exist on type 'JSX.IntrinsicElements'.
src/services/GameServiceUser.ts(1057,37): error TS2802: Type 'Set<any>' can only be iterated through when using the '--downlevelIteration' flag or with a '--target' of 'es2015' or higher.
src/supabaseClient.ts(4,21): error TS1343: The 'import.meta' meta-property is only allowed when the '--module' option is 'es2020', 'es2022', 'esnext', 'system', 'node16', or 'nodenext'.
src/supabaseClient.ts(4,33): error TS2339: Property 'env' does not exist on type 'ImportMeta'.
src/supabaseClient.ts(5,25): error TS1343: The 'import.meta' meta-property is only allowed when the '--module' option is 'es2020', 'es2022', 'esnext', 'system', 'node16', or 'nodenext'.
src/supabaseClient.ts(5,37): error TS2339: Property 'env' does not exist on type 'ImportMeta'.
